[iiameviee.wixsite.com/modern-legacy.html]
[static.parastorage.com/unpkg/core-js-bundle@3.2.1/minified.js]
[static.parastorage.com/unpkg/focus-within-polyfill@5.0.9/dist/focus-within-polyfill.js]
[backblue.gif]
[fade.gif]
[index.html]
[polyfill-fastly.io/v3/polyfill.mind82c.js]
[iiameviee.wixsite.com/i.4.delayed]
[iiameviee.wixsite.com/t.5.delayed]
[static.wixstatic.com/media/d9aec4_136b9f3775454c7ab0965fcfa9632057_mv2.jpg/v1/fill/w_1185,h_110,al_c,q_80,usm_0.66_1.00_0.01,enc_avif,quality_auto/d9aec4_136b9f3775454c7ab0965fcfa9632057_mv2.jpg]
[iiameviee.wixsite.com/index.html]
[static.wixstatic.com/media/d9aec4_136b9f3775454c7ab0965fcfa9632057_mv2.jpg/v1/fill/w_1163,h_110,al_c,q_80,usm_0.66_1.00_0.01,enc_avif,quality_auto/15479903-widgets_xl_edited.jpg]
[static.wixstatic.com/media/d9aec4_5beb3925200a4b5a9dfa5d1ba921afef_mv2.png/v1/fill/w_178,h_63,al_c,q_85,usm_0.66_1.00_0.01,enc_avif,quality_auto/Modern_Legacy_Title.png]
[iiameviee.wixsite.com/modern-legacy/rules.html]
[iiameviee.wixsite.com/modern-legacy/join.html]
[static.wixstatic.com/media/d9aec4_64e1500b91f944dfaec71dfff3ddf2b0f000.jpg/v1/fill/w_274,h_111,al_c,q_80,usm_0.66_1.00_0.01,blur_2/d9aec4_64e1500b91f944dfaec71dfff3ddf2b0f000.jpg]
[static.wixstatic.com/media/d9aec4_136b9f3775454c7ab0965fcfa9632057_mv2.jpg/v1/fill/w_547,h_49,al_c,q_80,usm_0.66_1.00_0.01,enc_avif,quality_auto/d9aec4_136b9f3775454c7ab0965fcfa9632057_mv2.jpg]
[static.wixstatic.com/media/d9aec4_cebc29a748ca4fe491d28d9b88cff0b6_mv2.png/v1/fill/w_980,h_243,al_c,q_85,usm_0.66_1.00_0.01,enc_avif,quality_auto/Minecraft_Modern_Legacy_Title.png]
[static.wixstatic.com/media/d9aec4_019833f27b20497d943a843b3451ff43_mv2.png/v1/crop/x_335,y_26,w_1093,h_991/fill/w_342,h_310,al_c,q_85,usm_0.66_1.00_0.01,enc_avif,quality_auto/Screenshot (104).png]
[static.wixstatic.com/media/d9aec4_6fc88939d34442779a4756b2437319db_mv2.png/v1/crop/x_676,y_319,w_563,h_510/fill/w_342,h_310,al_c,q_85,usm_0.66_1.00_0.01,enc_avif,quality_auto/Screenshot (106).png]
[static.wixstatic.com/media/d9aec4_3468d2a6053e4beeaa32a4ca598c615d_mv2.jpg/v1/crop/x_262,y_0,w_733,h_664/fill/w_342,h_310,al_c,q_80,usm_0.66_1.00_0.01,enc_av/Minecraft-Xbox-360-Edition.jpg]
[static.wixstatic.com/media/d9aec4_a8350b7b83f945c0ae9364ce0d13452e_mv2.jpg/v1/fill/w_127,h_71,al_c,q_80,usm_0.66_1.00_0.01,blur_2,enc_avif,quality_auto/screenlg15.jpg]
[static.wixstatic.com/media/d9aec4_acc159cee0e642cab9f7d9af8b79336a_mv2.jpg/v1/crop/x_0,y_632,w_900,h_268/fill/w_108,h_32,al_c,q_80,usm_0.66_1.00_0.01,blur_2,/wp7550896_edited.jpg]
[static.parastorage.com/services/wix-thunderbolt/dist/8875.d06b9c87.bundle.min.js]
[browser.sentry-cdn.com/6.18.2/bundle.min.js]
[iiameviee.wixsite.com/sitemap.15.delayed]
[iiameviee.wixsite.com/feed.16.delayed]
[static.parastorage.com/services/wix-thunderbolt/dist/thunderbolt-commons.2dd752b9.bundle.min.js]
[static.parastorage.com/services/wix-thunderbolt/dist/main.47e41efa.bundle.min.js]
[static.parastorage.com/services/wix-thunderbolt/dist/main.renderer.1d21f023.bundle.min.js]
[static.parastorage.com/unpkg/lodash@4.17.21/lodash.min.js]
[static.parastorage.com/unpkg/react@18.3.1/umd/react.production.min.js]
[static.parastorage.com/unpkg/react-dom@18.3.1/umd/react-dom.production.min.js]
[static.parastorage.com/services/wix-thunderbolt/dist/browser-deprecation.bundle.es5.js]
[iiameviee.wixsite.com/decodeURIComponent(e.1e.delayed]
[iiameviee.wixsite.com/modern-legacy.html]
[iiameviee.wixsite.com/i.html]
[iiameviee.wixsite.com/t.html]
[iiameviee.wixsite.com/index.html]
[static.parastorage.com/services/tag-manager-client/1.920.0/siteTags.bundle.min.js]
[iiameviee.wixsite.com/modern-legacy/i.20.delayed]
[iiameviee.wixsite.com/modern-legacy/t.21.delayed]
[static.wixstatic.com/media/d9aec4_cebc29a748ca4fe491d28d9b88cff0b6_mv2.png/v1/fill/w_514,h_130,al_c,q_85,usm_0.66_1.00_0.01,enc_avif,quality_auto/Minecraft_Modern_Legacy_Title.png]
[iiameviee.wixsite.com/modern-legacy/robots.23.delayed]
[iiameviee.wixsite.com/modern-legacy/sitemap.24.delayed]
[iiameviee.wixsite.com/modern-legacy/feed.25.delayed]
[iiameviee.wixsite.com/modern-legacy/decodeURIComponent(e.26.delayed]
[iiameviee.wixsite.com/modern-legacy/rules.html]
[static.wixstatic.com/media/d9aec4_ab8949f5470c4e048e6a3fa179bda8e1_mv2.jpg/v1/crop/x_436,y_0,w_1002,h_495/fill/w_564,h_280,al_c,q_80,usm_0.66_1.00_0.01,enc_av/Screenshot (108)_edited.jpg]
[static.wixstatic.com/media/d9aec4_f5e0a4c78cbe48909c257ddba7eb7abe_mv2.jpg/v1/crop/x_0,y_63,w_1920,h_953/fill/w_564,h_280,al_c,q_80,usm_0.66_1.00_0.01,enc_av/Screenshot (111)_edited.jpg]
[static.wixstatic.com/media/d9aec4_b9ddd4a44ef4445fb2c76c8e95b91637_mv2.jpg/v1/crop/x_0,y_35,w_1917,h_994/fill/w_97,h_50,al_c,q_80,usm_0.66_1.00_0.01,blur_2,e/Screenshot (116)_edited.jpg]
[iiameviee.wixsite.com/modern-legacy/join.html]
[iiameviee.wixsite.com/sitemap.html]
[iiameviee.wixsite.com/feed.html]
[iiameviee.wixsite.com/decodeURIComponent(e.html]
[iiameviee.wixsite.com/modern-legacy/i.html]
[iiameviee.wixsite.com/modern-legacy/t.html]
[iiameviee.wixsite.com/modern-legacy/robots.html]
[iiameviee.wixsite.com/modern-legacy/sitemap.html]
[iiameviee.wixsite.com/modern-legacy/feed.html]
[iiameviee.wixsite.com/modern-legacy/decodeURIComponent(e.html]
